[08/27 02:03:46] S3DIS INFO: dist_url: tcp://localhost:8888
dist_backend: nccl
multiprocessing_distributed: False
ngpus_per_node: 1
world_size: 1
launcher: mp
local_rank: 0
use_gpu: True
seed: 4298
epoch: 0
epochs: 2
ignore_index: None
val_fn: validate
deterministic: False
sync_bn: False
criterion_args:
  NAME: CrossEntropy
  label_smoothing: 0.2
use_mask: False
grad_norm_clip: 10
layer_decay: 0
step_per_update: 1
start_epoch: 1
sched_on_epoch: True
wandb:
  use_wandb: False
  project: PointNeXt-S3DIS
  tags: ['s3dis', 'train', 'PCM', 'ngpus1']
  name: s3dis-train-PCM-ngpus1-20260827-020346-9RxWmqLJCHwaZ79QDizFwu
use_amp: False
use_voting: False
val_freq: 1
resume: False
test: False
finetune: False
mode: train
logname: None
load_path: None
print_freq: 50
save_freq: -1
root_dir: log/s3dis
pretrained_path: None
datatransforms:
  train: ['ChromaticAutoContrast', 'PointsToTensor', 'PointCloudScaling', 'PointCloudXYZAlign', 'PointCloudRotation', 'PointCloudJitter', 'ChromaticDropGPU', 'ChromaticNormalize']
  val: ['PointsToTensor', 'PointCloudXYZAlign', 'ChromaticNormalize']
  vote: ['ChromaticDropGPU']
  kwargs:
    color_drop: 0.2
    gravity_dim: 2
    scale: [0.9, 1.1]
    angle: [0, 0, 1]
    jitter_sigma: 0.005
    jitter_clip: 0.02
feature_keys: x,heights
dataset:
  common:
    NAME: S3DIS
    data_root: data/S3DIS/s3disfull
    test_area: 5
    voxel_size: 0.04
  train:
    split: train
    voxel_max: 12288
    loop: 30
    presample: False
  val:
    split: val
    voxel_max: None
    presample: True
  test:
    split: test
    voxel_max: None
    presample: False
num_classes: 13
batch_size: 2
val_batch_size: 1
dataloader:
  num_workers: 6
cls_weighed_loss: False
optimizer:
  NAME: adamw
  weight_decay: 0.05
sched: cosine
warmup_epochs: 5
min_lr: 1e-05
lr: 0.0001
log_dir: log/s3dis/s3dis-train-PCM-ngpus1-20260827-020346-9RxWmqLJCHwaZ79QDizFwu
model:
  NAME: BaseSeg
  test_crop: 24576
  encoder_args:
    NAME: PointMambaEncoder
    in_channels: 7
    embed_dim: 96
    groups: 1
    res_expansion: 1.0
    activation: relu
    bias: False
    use_xyz: True
    normalize: anchor
    dim_expansion: [1, 2, 2, 2]
    pre_blocks: [1, 1, 1, 1]
    mamba_blocks: [1, 2, 2, 4]
    pos_blocks: [0, 0, 0, 0]
    k_neighbors: [12, 12, 12, 12]
    reducers: [4, 4, 2, 2]
    rms_norm: True
    residual_in_fp32: True
    fused_add_norm: True
    bimamba_type: v2
    drop_path_rate: 0.1
    mamba_pos: True
    mamba_layers_orders: ['xyz', 'xzy', 'yxz', 'yzx', 'zxy', 'zyx', 'hilbert', 'z', 'z-trans']
    use_order_prompt: True
    prompt_num_per_order: 6
    use_windows: True
    windows_size: [1024, 512, 256, 128]
    grid_size: 0.04
    combine_pos: True
  decoder_args:
    NAME: PointMambaDecoder
    encoder_channel_list: [96, 96, 192, 384, 768]
    decoder_channel_list: [384, 192, 96, 96]
    decoder_blocks: [1, 1, 1, 1]
    mamba_blocks: [0, 0, 0, 0]
    mamba_layers_orders: []
  cls_args:
    NAME: SegHead
    global_feat: max,avg
    num_classes: 13
    in_channels: None
    norm_args:
      norm: bn
rank: 0
distributed: False
mp: False
task_name: s3dis
cfg_basename: PCM
opts: 
is_training: True
run_name: s3dis-train-PCM-ngpus1-20260827-020346-9RxWmqLJCHwaZ79QDizFwu
run_dir: log/s3dis/s3dis-train-PCM-ngpus1-20260827-020346-9RxWmqLJCHwaZ79QDizFwu
exp_dir: log/s3dis/s3dis-train-PCM-ngpus1-20260827-020346-9RxWmqLJCHwaZ79QDizFwu
ckpt_dir: log/s3dis/s3dis-train-PCM-ngpus1-20260827-020346-9RxWmqLJCHwaZ79QDizFwu/checkpoint
log_path: log/s3dis/s3dis-train-PCM-ngpus1-20260827-020346-9RxWmqLJCHwaZ79QDizFwu/s3dis-train-PCM-ngpus1-20260827-020346-9RxWmqLJCHwaZ79QDizFwu.log
cfg_path: log/s3dis/s3dis-train-PCM-ngpus1-20260827-020346-9RxWmqLJCHwaZ79QDizFwu/cfg.yaml
[08/27 02:03:46] S3DIS INFO: BaseSeg(
  (encoder): PointMambaEncoder(
    (embedding): ConvBNReLU1D(
      (act): ReLU(inplace=True)
      (net): Sequential(
        (0): Conv1d(7, 96, kernel_size=(1,), stride=(1,), bias=False)
        (1): BatchNorm1d(96, eps=1e-05, momentum=0.1, affine=True, track_running_stats=True)
        (2): ReLU(inplace=True)
      )
    )
    (order_prompt): Embedding(54, 384)
    (pos_proj): ModuleList(
      (0): Linear(in_features=3, out_features=96, bias=False)
      (1): Linear(in_features=3, out_features=192, bias=False)
      (2): Linear(in_features=3, out_features=384, bias=False)
      (3): Linear(in_features=3, out_features=768, bias=False)
    )
    (local_grouper_list): ModuleList(
      (0-3): 4 x LocalGrouper()
    )
    (pre_blocks_list): ModuleList(
      (0): PreExtraction(
        (transfer): ConvBNReLU1D(
          (act): ReLU(inplace=True)
          (net): Sequential(
            (0): Conv1d(195, 96, kernel_size=(1,), stride=(1,), bias=False)
            (1): BatchNorm1d(96, eps=1e-05, momentum=0.1, affine=True, track_running_stats=True)
            (2): ReLU(inplace=True)
          )
        )
        (operation): Sequential(
          (0): ConvBNReLURes1D(
            (act): ReLU(inplace=True)
            (net1): Sequential(
              (0): Conv1d(96, 96, kernel_size=(1,), stride=(1,), bias=False)
              (1): BatchNorm1d(96, eps=1e-05, momentum=0.1, affine=True, track_running_stats=True)
              (2): ReLU(inplace=True)
            )
            (net2): Sequential(
              (0): Conv1d(96, 96, kernel_size=(1,), stride=(1,), bias=False)
              (1): BatchNorm1d(96, eps=1e-05, momentum=0.1, affine=True, track_running_stats=True)
            )
          )
        )
      )
      (1): PreExtraction(
        (transfer): ConvBNReLU1D(
          (act): ReLU(inplace=True)
          (net): Sequential(
            (0): Conv1d(195, 192, kernel_size=(1,), stride=(1,), bias=False)
            (1): BatchNorm1d(192, eps=1e-05, momentum=0.1, affine=True, track_running_stats=True)
            (2): ReLU(inplace=True)
          )
        )
        (operation): Sequential(
          (0): ConvBNReLURes1D(
            (act): ReLU(inplace=True)
            (net1): Sequential(
              (0): Conv1d(192, 192, kernel_size=(1,), stride=(1,), bias=False)
              (1): BatchNorm1d(192, eps=1e-05, momentum=0.1, affine=True, track_running_stats=True)
              (2): ReLU(inplace=True)
            )
            (net2): Sequential(
              (0): Conv1d(192, 192, kernel_size=(1,), stride=(1,), bias=False)
              (1): BatchNorm1d(192, eps=1e-05, momentum=0.1, affine=True, track_running_stats=True)
            )
          )
        )
      )
      (2): PreExtraction(
        (transfer): ConvBNReLU1D(
          (act): ReLU(inplace=True)
          (net): Sequential(
            (0): Conv1d(387, 384, kernel_size=(1,), stride=(1,), bias=False)
            (1): BatchNorm1d(384, eps=1e-05, momentum=0.1, affine=True, track_running_stats=True)
            (2): ReLU(inplace=True)
          )
        )
        (operation): Sequential(
          (0): ConvBNReLURes1D(
            (act): ReLU(inplace=True)
            (net1): Sequential(
              (0): Conv1d(384, 384, kernel_size=(1,), stride=(1,), bias=False)
              (1): BatchNorm1d(384, eps=1e-05, momentum=0.1, affine=True, track_running_stats=True)
              (2): ReLU(inplace=True)
            )
            (net2): Sequential(
              (0): Conv1d(384, 384, kernel_size=(1,), stride=(1,), bias=False)
              (1): BatchNorm1d(384, eps=1e-05, momentum=0.1, affine=True, track_running_stats=True)
            )
          )
        )
      )
      (3): PreExtraction(
        (transfer): ConvBNReLU1D(
          (act): ReLU(inplace=True)
          (net): Sequential(
            (0): Conv1d(771, 768, kernel_size=(1,), stride=(1,), bias=False)
            (1): BatchNorm1d(768, eps=1e-05, momentum=0.1, affine=True, track_running_stats=True)
            (2): ReLU(inplace=True)
          )
        )
        (operation): Sequential(
          (0): ConvBNReLURes1D(
            (act): ReLU(inplace=True)
            (net1): Sequential(
              (0): Conv1d(768, 768, kernel_size=(1,), stride=(1,), bias=False)
              (1): BatchNorm1d(768, eps=1e-05, momentum=0.1, affine=True, track_running_stats=True)
              (2): ReLU(inplace=True)
            )
            (net2): Sequential(
              (0): Conv1d(768, 768, kernel_size=(1,), stride=(1,), bias=False)
              (1): BatchNorm1d(768, eps=1e-05, momentum=0.1, affine=True, track_running_stats=True)
            )
          )
        )
      )
    )
    (mamba_blocks_list): ModuleList(
      (0): Sequential(
        (0): MambaBlock(
          (mixer): Mamba(
            (in_proj): Linear(in_features=96, out_features=384, bias=False)
            (conv1d): Conv1d(192, 192, kernel_size=(4,), stride=(1,), padding=(3,), groups=192)
            (act): SiLU()
            (x_proj): Linear(in_features=192, out_features=38, bias=False)
            (dt_proj): Linear(in_features=6, out_features=192, bias=True)
            (conv1d_b): Conv1d(192, 192, kernel_size=(4,), stride=(1,), padding=(3,), groups=192)
            (x_proj_b): Linear(in_features=192, out_features=38, bias=False)
            (dt_proj_b): Linear(in_features=6, out_features=192, bias=True)
            (out_proj): Linear(in_features=192, out_features=96, bias=False)
          )
          (norm): RMSNorm()
          (drop_path): Identity()
        )
      )
      (1): Sequential(
        (0): MambaBlock(
          (mixer): Mamba(
            (in_proj): Linear(in_features=192, out_features=768, bias=False)
            (conv1d): Conv1d(384, 384, kernel_size=(4,), stride=(1,), padding=(3,), groups=384)
            (act): SiLU()
            (x_proj): Linear(in_features=384, out_features=44, bias=False)
            (dt_proj): Linear(in_features=12, out_features=384, bias=True)
            (conv1d_b): Conv1d(384, 384, kernel_size=(4,), stride=(1,), padding=(3,), groups=384)
            (x_proj_b): Linear(in_features=384, out_features=44, bias=False)
            (dt_proj_b): Linear(in_features=12, out_features=384, bias=True)
            (out_proj): Linear(in_features=384, out_features=192, bias=False)
          )
          (norm): RMSNorm()
          (drop_path): Identity()
        )
        (1): MambaBlock(
          (mixer): Mamba(
            (in_proj): Linear(in_features=192, out_features=768, bias=False)
            (conv1d): Conv1d(384, 384, kernel_size=(4,), stride=(1,), padding=(3,), groups=384)
            (act): SiLU()
            (x_proj): Linear(in_features=384, out_features=44, bias=False)
            (dt_proj): Linear(in_features=12, out_features=384, bias=True)
            (conv1d_b): Conv1d(384, 384, kernel_size=(4,), stride=(1,), padding=(3,), groups=384)
            (x_proj_b): Linear(in_features=384, out_features=44, bias=False)
            (dt_proj_b): Linear(in_features=12, out_features=384, bias=True)
            (out_proj): Linear(in_features=384, out_features=192, bias=False)
          )
          (norm): RMSNorm()
          (drop_path): DropPath(drop_prob=0.013)
        )
      )
      (2): Sequential(
        (0): MambaBlock(
          (mixer): Mamba(
            (in_proj): Linear(in_features=384, out_features=1536, bias=False)
            (conv1d): Conv1d(768, 768, kernel_size=(4,), stride=(1,), padding=(3,), groups=768)
            (act): SiLU()
            (x_proj): Linear(in_features=768, out_features=56, bias=False)
            (dt_proj): Linear(in_features=24, out_features=768, bias=True)
            (conv1d_b): Conv1d(768, 768, kernel_size=(4,), stride=(1,), padding=(3,), groups=768)
            (x_proj_b): Linear(in_features=768, out_features=56, bias=False)
            (dt_proj_b): Linear(in_features=24, out_features=768, bias=True)
            (out_proj): Linear(in_features=768, out_features=384, bias=False)
          )
          (norm): RMSNorm()
          (drop_path): DropPath(drop_prob=0.025)
        )
        (1): MambaBlock(
          (mixer): Mamba(
            (in_proj): Linear(in_features=384, out_features=1536, bias=False)
            (conv1d): Conv1d(768, 768, kernel_size=(4,), stride=(1,), padding=(3,), groups=768)
            (act): SiLU()
            (x_proj): Linear(in_features=768, out_features=56, bias=False)
            (dt_proj): Linear(in_features=24, out_features=768, bias=True)
            (conv1d_b): Conv1d(768, 768, kernel_size=(4,), stride=(1,), padding=(3,), groups=768)
            (x_proj_b): Linear(in_features=768, out_features=56, bias=False)
            (dt_proj_b): Linear(in_features=24, out_features=768, bias=True)
            (out_proj): Linear(in_features=768, out_features=384, bias=False)
          )
          (norm): RMSNorm()
          (drop_path): DropPath(drop_prob=0.038)
        )
      )
      (3): Sequential(
        (0): MambaBlock(
          (mixer): Mamba(
            (in_proj): Linear(in_features=768, out_features=3072, bias=False)
            (conv1d): Conv1d(1536, 1536, kernel_size=(4,), stride=(1,), padding=(3,), groups=1536)
            (act): SiLU()
            (x_proj): Linear(in_features=1536, out_features=80, bias=False)
            (dt_proj): Linear(in_features=48, out_features=1536, bias=True)
            (conv1d_b): Conv1d(1536, 1536, kernel_size=(4,), stride=(1,), padding=(3,), groups=1536)
            (x_proj_b): Linear(in_features=1536, out_features=80, bias=False)
            (dt_proj_b): Linear(in_features=48, out_features=1536, bias=True)
            (out_proj): Linear(in_features=1536, out_features=768, bias=False)
          )
          (norm): RMSNorm()
          (drop_path): DropPath(drop_prob=0.050)
        )
        (1): MambaBlock(
          (mixer): Mamba(
            (in_proj): Linear(in_features=768, out_features=3072, bias=False)
            (conv1d): Conv1d(1536, 1536, kernel_size=(4,), stride=(1,), padding=(3,), groups=1536)
            (act): SiLU()
            (x_proj): Linear(in_features=1536, out_features=80, bias=False)
            (dt_proj): Linear(in_features=48, out_features=1536, bias=True)
            (conv1d_b): Conv1d(1536, 1536, kernel_size=(4,), stride=(1,), padding=(3,), groups=1536)
            (x_proj_b): Linear(in_features=1536, out_features=80, bias=False)
            (dt_proj_b): Linear(in_features=48, out_features=1536, bias=True)
            (out_proj): Linear(in_features=1536, out_features=768, bias=False)
          )
          (norm): RMSNorm()
          (drop_path): DropPath(drop_prob=0.062)
        )
        (2): MambaBlock(
          (mixer): Mamba(
            (in_proj): Linear(in_features=768, out_features=3072, bias=False)
            (conv1d): Conv1d(1536, 1536, kernel_size=(4,), stride=(1,), padding=(3,), groups=1536)
            (act): SiLU()
            (x_proj): Linear(in_features=1536, out_features=80, bias=False)
            (dt_proj): Linear(in_features=48, out_features=1536, bias=True)
            (conv1d_b): Conv1d(1536, 1536, kernel_size=(4,), stride=(1,), padding=(3,), groups=1536)
            (x_proj_b): Linear(in_features=1536, out_features=80, bias=False)
            (dt_proj_b): Linear(in_features=48, out_features=1536, bias=True)
            (out_proj): Linear(in_features=1536, out_features=768, bias=False)
          )
          (norm): RMSNorm()
          (drop_path): DropPath(drop_prob=0.075)
        )
        (3): MambaBlock(
          (mixer): Mamba(
            (in_proj): Linear(in_features=768, out_features=3072, bias=False)
            (conv1d): Conv1d(1536, 1536, kernel_size=(4,), stride=(1,), padding=(3,), groups=1536)
            (act): SiLU()
            (x_proj): Linear(in_features=1536, out_features=80, bias=False)
            (dt_proj): Linear(in_features=48, out_features=1536, bias=True)
            (conv1d_b): Conv1d(1536, 1536, kernel_size=(4,), stride=(1,), padding=(3,), groups=1536)
            (x_proj_b): Linear(in_features=1536, out_features=80, bias=False)
            (dt_proj_b): Linear(in_features=48, out_features=1536, bias=True)
            (out_proj): Linear(in_features=1536, out_features=768, bias=False)
          )
          (norm): RMSNorm()
          (drop_path): DropPath(drop_prob=0.087)
        )
      )
    )
    (pos_blocks_list): ModuleList(
      (0-3): 4 x Identity()
    )
    (residual_proj_blocks_list): ModuleList(
      (0): Identity()
      (1): Linear(in_features=96, out_features=192, bias=False)
      (2): Linear(in_features=192, out_features=384, bias=False)
      (3): Linear(in_features=384, out_features=768, bias=False)
    )
    (order_prompt_proj): ModuleList(
      (0): Linear(in_features=384, out_features=96, bias=False)
      (1): Linear(in_features=384, out_features=192, bias=False)
      (2): Linear(in_features=384, out_features=384, bias=False)
      (3): Linear(in_features=384, out_features=768, bias=False)
    )
    (act): ReLU(inplace=True)
  )
  (decoder): PointMambaDecoder(
    (decode_list): ModuleList(
      (0): PointNetFeaturePropagation(
        (fuse): ConvBNReLU1D(
          (act): ReLU(inplace=True)
          (net): Sequential(
            (0): Conv1d(1152, 384, kernel_size=(1,), stride=(1,))
            (1): BatchNorm1d(384, eps=1e-05, momentum=0.1, affine=True, track_running_stats=True)
            (2): ReLU(inplace=True)
          )
        )
        (extraction): PosExtraction(
          (operation): Sequential(
            (0): ConvBNReLURes1D(
              (act): ReLU(inplace=True)
              (net1): Sequential(
                (0): Conv1d(384, 384, kernel_size=(1,), stride=(1,))
                (1): BatchNorm1d(384, eps=1e-05, momentum=0.1, affine=True, track_running_stats=True)
                (2): ReLU(inplace=True)
              )
              (net2): Sequential(
                (0): Conv1d(384, 384, kernel_size=(1,), stride=(1,))
                (1): BatchNorm1d(384, eps=1e-05, momentum=0.1, affine=True, track_running_stats=True)
              )
            )
          )
        )
      )
      (1): PointNetFeaturePropagation(
        (fuse): ConvBNReLU1D(
          (act): ReLU(inplace=True)
          (net): Sequential(
            (0): Conv1d(576, 192, kernel_size=(1,), stride=(1,))
            (1): BatchNorm1d(192, eps=1e-05, momentum=0.1, affine=True, track_running_stats=True)
            (2): ReLU(inplace=True)
          )
        )
        (extraction): PosExtraction(
          (operation): Sequential(
            (0): ConvBNReLURes1D(
              (act): ReLU(inplace=True)
              (net1): Sequential(
                (0): Conv1d(192, 192, kernel_size=(1,), stride=(1,))
                (1): BatchNorm1d(192, eps=1e-05, momentum=0.1, affine=True, track_running_stats=True)
                (2): ReLU(inplace=True)
              )
              (net2): Sequential(
                (0): Conv1d(192, 192, kernel_size=(1,), stride=(1,))
                (1): BatchNorm1d(192, eps=1e-05, momentum=0.1, affine=True, track_running_stats=True)
              )
            )
          )
        )
      )
      (2): PointNetFeaturePropagation(
        (fuse): ConvBNReLU1D(
          (act): ReLU(inplace=True)
          (net): Sequential(
            (0): Conv1d(288, 96, kernel_size=(1,), stride=(1,))
            (1): BatchNorm1d(96, eps=1e-05, momentum=0.1, affine=True, track_running_stats=True)
            (2): ReLU(inplace=True)
          )
        )
        (extraction): PosExtraction(
          (operation): Sequential(
            (0): ConvBNReLURes1D(
              (act): ReLU(inplace=True)
              (net1): Sequential(
                (0): Conv1d(96, 96, kernel_size=(1,), stride=(1,))
                (1): BatchNorm1d(96, eps=1e-05, momentum=0.1, affine=True, track_running_stats=True)
                (2): ReLU(inplace=True)
              )
              (net2): Sequential(
                (0): Conv1d(96, 96, kernel_size=(1,), stride=(1,))
                (1): BatchNorm1d(96, eps=1e-05, momentum=0.1, affine=True, track_running_stats=True)
              )
            )
          )
        )
      )
      (3): PointNetFeaturePropagation(
        (fuse): ConvBNReLU1D(
          (act): ReLU(inplace=True)
          (net): Sequential(
            (0): Conv1d(192, 96, kernel_size=(1,), stride=(1,))
            (1): BatchNorm1d(96, eps=1e-05, momentum=0.1, affine=True, track_running_stats=True)
            (2): ReLU(inplace=True)
          )
        )
        (extraction): PosExtraction(
          (operation): Sequential(
            (0): ConvBNReLURes1D(
              (act): ReLU(inplace=True)
              (net1): Sequential(
                (0): Conv1d(96, 96, kernel_size=(1,), stride=(1,))
                (1): BatchNorm1d(96, eps=1e-05, momentum=0.1, affine=True, track_running_stats=True)
                (2): ReLU(inplace=True)
              )
              (net2): Sequential(
                (0): Conv1d(96, 96, kernel_size=(1,), stride=(1,))
                (1): BatchNorm1d(96, eps=1e-05, momentum=0.1, affine=True, track_running_stats=True)
              )
            )
          )
        )
      )
    )
    (mamba_list): ModuleList(
      (0-3): 4 x Sequential()
    )
    (act): ReLU(inplace=True)
    (gmp_map_list): ModuleList(
      (0): ConvBNReLU1D(
        (act): ReLU(inplace=True)
        (net): Sequential(
          (0): Conv1d(768, 64, kernel_size=(1,), stride=(1,), bias=False)
          (1): BatchNorm1d(64, eps=1e-05, momentum=0.1, affine=True, track_running_stats=True)
          (2): ReLU(inplace=True)
        )
      )
      (1): ConvBNReLU1D(
        (act): ReLU(inplace=True)
        (net): Sequential(
          (0): Conv1d(384, 64, kernel_size=(1,), stride=(1,), bias=False)
          (1): BatchNorm1d(64, eps=1e-05, momentum=0.1, affine=True, track_running_stats=True)
          (2): ReLU(inplace=True)
        )
      )
      (2): ConvBNReLU1D(
        (act): ReLU(inplace=True)
        (net): Sequential(
          (0): Conv1d(192, 64, kernel_size=(1,), stride=(1,), bias=False)
          (1): BatchNorm1d(64, eps=1e-05, momentum=0.1, affine=True, track_running_stats=True)
          (2): ReLU(inplace=True)
        )
      )
      (3-4): 2 x ConvBNReLU1D(
        (act): ReLU(inplace=True)
        (net): Sequential(
          (0): Conv1d(96, 64, kernel_size=(1,), stride=(1,), bias=False)
          (1): BatchNorm1d(64, eps=1e-05, momentum=0.1, affine=True, track_running_stats=True)
          (2): ReLU(inplace=True)
        )
      )
    )
    (gmp_map_end): ConvBNReLU1D(
      (act): ReLU(inplace=True)
      (net): Sequential(
        (0): Conv1d(320, 64, kernel_size=(1,), stride=(1,), bias=False)
        (1): BatchNorm1d(64, eps=1e-05, momentum=0.1, affine=True, track_running_stats=True)
        (2): ReLU(inplace=True)
      )
    )
  )
  (head): SegHead(
    (head): Sequential(
      (0): Sequential(
        (0): Conv1d(480, 480, kernel_size=(1,), stride=(1,), bias=False)
        (1): BatchNorm1d(480, eps=1e-05, momentum=0.1, affine=True, track_running_stats=True)
        (2): ReLU(inplace=True)
      )
      (1): Dropout(p=0.5, inplace=False)
      (2): Sequential(
        (0): Conv1d(480, 13, kernel_size=(1,), stride=(1,))
      )
    )
  )
)
[08/27 02:03:46] S3DIS INFO: Number of params: 23.4546 M
[08/27 02:03:46] S3DIS INFO: Param groups = {
  "decay": {
    "weight_decay": 0.05,
    "params": [
      "encoder.embedding.net.0.weight",
      "encoder.order_prompt.weight",
      "encoder.pos_proj.0.weight",
      "encoder.pos_proj.1.weight",
      "encoder.pos_proj.2.weight",
      "encoder.pos_proj.3.weight",
      "encoder.local_grouper_list.0.affine_alpha",
      "encoder.local_grouper_list.0.affine_beta",
      "encoder.local_grouper_list.1.affine_alpha",
      "encoder.local_grouper_list.1.affine_beta",
      "encoder.local_grouper_list.2.affine_alpha",
      "encoder.local_grouper_list.2.affine_beta",
      "encoder.local_grouper_list.3.affine_alpha",
      "encoder.local_grouper_list.3.affine_beta",
      "encoder.pre_blocks_list.0.transfer.net.0.weight",
      "encoder.pre_blocks_list.0.operation.0.net1.0.weight",
      "encoder.pre_blocks_list.0.operation.0.net2.0.weight",
      "encoder.pre_blocks_list.1.transfer.net.0.weight",
      "encoder.pre_blocks_list.1.operation.0.net1.0.weight",
      "encoder.pre_blocks_list.1.operation.0.net2.0.weight",
      "encoder.pre_blocks_list.2.transfer.net.0.weight",
      "encoder.pre_blocks_list.2.operation.0.net1.0.weight",
      "encoder.pre_blocks_list.2.operation.0.net2.0.weight",
      "encoder.pre_blocks_list.3.transfer.net.0.weight",
      "encoder.pre_blocks_list.3.operation.0.net1.0.weight",
      "encoder.pre_blocks_list.3.operation.0.net2.0.weight",
      "encoder.mamba_blocks_list.0.0.mixer.A_log",
      "encoder.mamba_blocks_list.0.0.mixer.A_b_log",
      "encoder.mamba_blocks_list.0.0.mixer.in_proj.weight",
      "encoder.mamba_blocks_list.0.0.mixer.conv1d.weight",
      "encoder.mamba_blocks_list.0.0.mixer.x_proj.weight",
      "encoder.mamba_blocks_list.0.0.mixer.dt_proj.weight",
      "encoder.mamba_blocks_list.0.0.mixer.conv1d_b.weight",
      "encoder.mamba_blocks_list.0.0.mixer.x_proj_b.weight",
      "encoder.mamba_blocks_list.0.0.mixer.dt_proj_b.weight",
      "encoder.mamba_blocks_list.0.0.mixer.out_proj.weight",
      "encoder.mamba_blocks_list.1.0.mixer.A_log",
      "encoder.mamba_blocks_list.1.0.mixer.A_b_log",
      "encoder.mamba_blocks_list.1.0.mixer.in_proj.weight",
      "encoder.mamba_blocks_list.1.0.mixer.conv1d.weight",
      "encoder.mamba_blocks_list.1.0.mixer.x_proj.weight",
      "encoder.mamba_blocks_list.1.0.mixer.dt_proj.weight",
      "encoder.mamba_blocks_list.1.0.mixer.conv1d_b.weight",
      "encoder.mamba_blocks_list.1.0.mixer.x_proj_b.weight",
      "encoder.mamba_blocks_list.1.0.mixer.dt_proj_b.weight",
      "encoder.mamba_blocks_list.1.0.mixer.out_proj.weight",
      "encoder.mamba_blocks_list.1.1.mixer.A_log",
      "encoder.mamba_blocks_list.1.1.mixer.A_b_log",
      "encoder.mamba_blocks_list.1.1.mixer.in_proj.weight",
      "encoder.mamba_blocks_list.1.1.mixer.conv1d.weight",
      "encoder.mamba_blocks_list.1.1.mixer.x_proj.weight",
      "encoder.mamba_blocks_list.1.1.mixer.dt_proj.weight",
      "encoder.mamba_blocks_list.1.1.mixer.conv1d_b.weight",
      "encoder.mamba_blocks_list.1.1.mixer.x_proj_b.weight",
      "encoder.mamba_blocks_list.1.1.mixer.dt_proj_b.weight",
      "encoder.mamba_blocks_list.1.1.mixer.out_proj.weight",
      "encoder.mamba_blocks_list.2.0.mixer.A_log",
      "encoder.mamba_blocks_list.2.0.mixer.A_b_log",
      "encoder.mamba_blocks_list.2.0.mixer.in_proj.weight",
      "encoder.mamba_blocks_list.2.0.mixer.conv1d.weight",
      "encoder.mamba_blocks_list.2.0.mixer.x_proj.weight",
      "encoder.mamba_blocks_list.2.0.mixer.dt_proj.weight",
      "encoder.mamba_blocks_list.2.0.mixer.conv1d_b.weight",
      "encoder.mamba_blocks_list.2.0.mixer.x_proj_b.weight",
      "encoder.mamba_blocks_list.2.0.mixer.dt_proj_b.weight",
      "encoder.mamba_blocks_list.2.0.mixer.out_proj.weight",
      "encoder.mamba_blocks_list.2.1.mixer.A_log",
      "encoder.mamba_blocks_list.2.1.mixer.A_b_log",
      "encoder.mamba_blocks_list.2.1.mixer.in_proj.weight",
      "encoder.mamba_blocks_list.2.1.mixer.conv1d.weight",
      "encoder.mamba_blocks_list.2.1.mixer.x_proj.weight",
      "encoder.mamba_blocks_list.2.1.mixer.dt_proj.weight",
      "encoder.mamba_blocks_list.2.1.mixer.conv1d_b.weight",
      "encoder.mamba_blocks_list.2.1.mixer.x_proj_b.weight",
      "encoder.mamba_blocks_list.2.1.mixer.dt_proj_b.weight",
      "encoder.mamba_blocks_list.2.1.mixer.out_proj.weight",
      "encoder.mamba_blocks_list.3.0.mixer.A_log",
      "encoder.mamba_blocks_list.3.0.mixer.A_b_log",
      "encoder.mamba_blocks_list.3.0.mixer.in_proj.weight",
      "encoder.mamba_blocks_list.3.0.mixer.conv1d.weight",
      "encoder.mamba_blocks_list.3.0.mixer.x_proj.weight",
      "encoder.mamba_blocks_list.3.0.mixer.dt_proj.weight",
      "encoder.mamba_blocks_list.3.0.mixer.conv1d_b.weight",
      "encoder.mamba_blocks_list.3.0.mixer.x_proj_b.weight",
      "encoder.mamba_blocks_list.3.0.mixer.dt_proj_b.weight",
      "encoder.mamba_blocks_list.3.0.mixer.out_proj.weight",
      "encoder.mamba_blocks_list.3.1.mixer.A_log",
      "encoder.mamba_blocks_list.3.1.mixer.A_b_log",
      "encoder.mamba_blocks_list.3.1.mixer.in_proj.weight",
      "encoder.mamba_blocks_list.3.1.mixer.conv1d.weight",
      "encoder.mamba_blocks_list.3.1.mixer.x_proj.weight",
      "encoder.mamba_blocks_list.3.1.mixer.dt_proj.weight",
      "encoder.mamba_blocks_list.3.1.mixer.conv1d_b.weight",
      "encoder.mamba_blocks_list.3.1.mixer.x_proj_b.weight",
      "encoder.mamba_blocks_list.3.1.mixer.dt_proj_b.weight",
      "encoder.mamba_blocks_list.3.1.mixer.out_proj.weight",
      "encoder.mamba_blocks_list.3.2.mixer.A_log",
      "encoder.mamba_blocks_list.3.2.mixer.A_b_log",
      "encoder.mamba_blocks_list.3.2.mixer.in_proj.weight",
      "encoder.mamba_blocks_list.3.2.mixer.conv1d.weight",
      "encoder.mamba_blocks_list.3.2.mixer.x_proj.weight",
      "encoder.mamba_blocks_list.3.2.mixer.dt_proj.weight",
      "encoder.mamba_blocks_list.3.2.mixer.conv1d_b.weight",
      "encoder.mamba_blocks_list.3.2.mixer.x_proj_b.weight",
      "encoder.mamba_blocks_list.3.2.mixer.dt_proj_b.weight",
      "encoder.mamba_blocks_list.3.2.mixer.out_proj.weight",
      "encoder.mamba_blocks_list.3.3.mixer.A_log",
      "encoder.mamba_blocks_list.3.3.mixer.A_b_log",
      "encoder.mamba_blocks_list.3.3.mixer.in_proj.weight",
      "encoder.mamba_blocks_list.3.3.mixer.conv1d.weight",
      "encoder.mamba_blocks_list.3.3.mixer.x_proj.weight",
      "encoder.mamba_blocks_list.3.3.mixer.dt_proj.weight",
      "encoder.mamba_blocks_list.3.3.mixer.conv1d_b.weight",
      "encoder.mamba_blocks_list.3.3.mixer.x_proj_b.weight",
      "encoder.mamba_blocks_list.3.3.mixer.dt_proj_b.weight",
      "encoder.mamba_blocks_list.3.3.mixer.out_proj.weight",
      "encoder.residual_proj_blocks_list.1.weight",
      "encoder.residual_proj_blocks_list.2.weight",
      "encoder.residual_proj_blocks_list.3.weight",
      "encoder.order_prompt_proj.0.weight",
      "encoder.order_prompt_proj.1.weight",
      "encoder.order_prompt_proj.2.weight",
      "encoder.order_prompt_proj.3.weight",
      "decoder.decode_list.0.fuse.net.0.weight",
      "decoder.decode_list.0.extraction.operation.0.net1.0.weight",
      "decoder.decode_list.0.extraction.operation.0.net2.0.weight",
      "decoder.decode_list.1.fuse.net.0.weight",
      "decoder.decode_list.1.extraction.operation.0.net1.0.weight",
      "decoder.decode_list.1.extraction.operation.0.net2.0.weight",
      "decoder.decode_list.2.fuse.net.0.weight",
      "decoder.decode_list.2.extraction.operation.0.net1.0.weight",
      "decoder.decode_list.2.extraction.operation.0.net2.0.weight",
      "decoder.decode_list.3.fuse.net.0.weight",
      "decoder.decode_list.3.extraction.operation.0.net1.0.weight",
      "decoder.decode_list.3.extraction.operation.0.net2.0.weight",
      "decoder.gmp_map_list.0.net.0.weight",
      "decoder.gmp_map_list.1.net.0.weight",
      "decoder.gmp_map_list.2.net.0.weight",
      "decoder.gmp_map_list.3.net.0.weight",
      "decoder.gmp_map_list.4.net.0.weight",
      "decoder.gmp_map_end.net.0.weight",
      "head.head.0.0.weight",
      "head.head.2.0.weight"
    ],
    "lr_scale": 1.0
  },
  "no_decay": {
    "weight_decay": 0.0,
    "params": [
      "encoder.embedding.net.1.weight",
      "encoder.embedding.net.1.bias",
      "encoder.pre_blocks_list.0.transfer.net.1.weight",
      "encoder.pre_blocks_list.0.transfer.net.1.bias",
      "encoder.pre_blocks_list.0.operation.0.net1.1.weight",
      "encoder.pre_blocks_list.0.operation.0.net1.1.bias",
      "encoder.pre_blocks_list.0.operation.0.net2.1.weight",
      "encoder.pre_blocks_list.0.operation.0.net2.1.bias",
      "encoder.pre_blocks_list.1.transfer.net.1.weight",
      "encoder.pre_blocks_list.1.transfer.net.1.bias",
      "encoder.pre_blocks_list.1.operation.0.net1.1.weight",
      "encoder.pre_blocks_list.1.operation.0.net1.1.bias",
      "encoder.pre_blocks_list.1.operation.0.net2.1.weight",
      "encoder.pre_blocks_list.1.operation.0.net2.1.bias",
      "encoder.pre_blocks_list.2.transfer.net.1.weight",
      "encoder.pre_blocks_list.2.transfer.net.1.bias",
      "encoder.pre_blocks_list.2.operation.0.net1.1.weight",
      "encoder.pre_blocks_list.2.operation.0.net1.1.bias",
      "encoder.pre_blocks_list.2.operation.0.net2.1.weight",
      "encoder.pre_blocks_list.2.operation.0.net2.1.bias",
      "encoder.pre_blocks_list.3.transfer.net.1.weight",
      "encoder.pre_blocks_list.3.transfer.net.1.bias",
      "encoder.pre_blocks_list.3.operation.0.net1.1.weight",
      "encoder.pre_blocks_list.3.operation.0.net1.1.bias",
      "encoder.pre_blocks_list.3.operation.0.net2.1.weight",
      "encoder.pre_blocks_list.3.operation.0.net2.1.bias",
      "encoder.mamba_blocks_list.0.0.mixer.D",
      "encoder.mamba_blocks_list.0.0.mixer.D_b",
      "encoder.mamba_blocks_list.0.0.mixer.conv1d.bias",
      "encoder.mamba_blocks_list.0.0.mixer.dt_proj.bias",
      "encoder.mamba_blocks_list.0.0.mixer.conv1d_b.bias",
      "encoder.mamba_blocks_list.0.0.mixer.dt_proj_b.bias",
      "encoder.mamba_blocks_list.0.0.norm.weight",
      "encoder.mamba_blocks_list.1.0.mixer.D",
      "encoder.mamba_blocks_list.1.0.mixer.D_b",
      "encoder.mamba_blocks_list.1.0.mixer.conv1d.bias",
      "encoder.mamba_blocks_list.1.0.mixer.dt_proj.bias",
      "encoder.mamba_blocks_list.1.0.mixer.conv1d_b.bias",
      "encoder.mamba_blocks_list.1.0.mixer.dt_proj_b.bias",
      "encoder.mamba_blocks_list.1.0.norm.weight",
      "encoder.mamba_blocks_list.1.1.mixer.D",
      "encoder.mamba_blocks_list.1.1.mixer.D_b",
      "encoder.mamba_blocks_list.1.1.mixer.conv1d.bias",
      "encoder.mamba_blocks_list.1.1.mixer.dt_proj.bias",
      "encoder.mamba_blocks_list.1.1.mixer.conv1d_b.bias",
      "encoder.mamba_blocks_list.1.1.mixer.dt_proj_b.bias",
      "encoder.mamba_blocks_list.1.1.norm.weight",
      "encoder.mamba_blocks_list.2.0.mixer.D",
      "encoder.mamba_blocks_list.2.0.mixer.D_b",
      "encoder.mamba_blocks_list.2.0.mixer.conv1d.bias",
      "encoder.mamba_blocks_list.2.0.mixer.dt_proj.bias",
      "encoder.mamba_blocks_list.2.0.mixer.conv1d_b.bias",
      "encoder.mamba_blocks_list.2.0.mixer.dt_proj_b.bias",
      "encoder.mamba_blocks_list.2.0.norm.weight",
      "encoder.mamba_blocks_list.2.1.mixer.D",
      "encoder.mamba_blocks_list.2.1.mixer.D_b",
      "encoder.mamba_blocks_list.2.1.mixer.conv1d.bias",
      "encoder.mamba_blocks_list.2.1.mixer.dt_proj.bias",
      "encoder.mamba_blocks_list.2.1.mixer.conv1d_b.bias",
      "encoder.mamba_blocks_list.2.1.mixer.dt_proj_b.bias",
      "encoder.mamba_blocks_list.2.1.norm.weight",
      "encoder.mamba_blocks_list.3.0.mixer.D",
      "encoder.mamba_blocks_list.3.0.mixer.D_b",
      "encoder.mamba_blocks_list.3.0.mixer.conv1d.bias",
      "encoder.mamba_blocks_list.3.0.mixer.dt_proj.bias",
      "encoder.mamba_blocks_list.3.0.mixer.conv1d_b.bias",
      "encoder.mamba_blocks_list.3.0.mixer.dt_proj_b.bias",
      "encoder.mamba_blocks_list.3.0.norm.weight",
      "encoder.mamba_blocks_list.3.1.mixer.D",
      "encoder.mamba_blocks_list.3.1.mixer.D_b",
      "encoder.mamba_blocks_list.3.1.mixer.conv1d.bias",
      "encoder.mamba_blocks_list.3.1.mixer.dt_proj.bias",
      "encoder.mamba_blocks_list.3.1.mixer.conv1d_b.bias",
      "encoder.mamba_blocks_list.3.1.mixer.dt_proj_b.bias",
      "encoder.mamba_blocks_list.3.1.norm.weight",
      "encoder.mamba_blocks_list.3.2.mixer.D",
      "encoder.mamba_blocks_list.3.2.mixer.D_b",
      "encoder.mamba_blocks_list.3.2.mixer.conv1d.bias",
      "encoder.mamba_blocks_list.3.2.mixer.dt_proj.bias",
      "encoder.mamba_blocks_list.3.2.mixer.conv1d_b.bias",
      "encoder.mamba_blocks_list.3.2.mixer.dt_proj_b.bias",
      "encoder.mamba_blocks_list.3.2.norm.weight",
      "encoder.mamba_blocks_list.3.3.mixer.D",
      "encoder.mamba_blocks_list.3.3.mixer.D_b",
      "encoder.mamba_blocks_list.3.3.mixer.conv1d.bias",
      "encoder.mamba_blocks_list.3.3.mixer.dt_proj.bias",
      "encoder.mamba_blocks_list.3.3.mixer.conv1d_b.bias",
      "encoder.mamba_blocks_list.3.3.mixer.dt_proj_b.bias",
      "encoder.mamba_blocks_list.3.3.norm.weight",
      "decoder.decode_list.0.fuse.net.0.bias",
      "decoder.decode_list.0.fuse.net.1.weight",
      "decoder.decode_list.0.fuse.net.1.bias",
      "decoder.decode_list.0.extraction.operation.0.net1.0.bias",
      "decoder.decode_list.0.extraction.operation.0.net1.1.weight",
      "decoder.decode_list.0.extraction.operation.0.net1.1.bias",
      "decoder.decode_list.0.extraction.operation.0.net2.0.bias",
      "decoder.decode_list.0.extraction.operation.0.net2.1.weight",
      "decoder.decode_list.0.extraction.operation.0.net2.1.bias",
      "decoder.decode_list.1.fuse.net.0.bias",
      "decoder.decode_list.1.fuse.net.1.weight",
      "decoder.decode_list.1.fuse.net.1.bias",
      "decoder.decode_list.1.extraction.operation.0.net1.0.bias",
      "decoder.decode_list.1.extraction.operation.0.net1.1.weight",
      "decoder.decode_list.1.extraction.operation.0.net1.1.bias",
      "decoder.decode_list.1.extraction.operation.0.net2.0.bias",
      "decoder.decode_list.1.extraction.operation.0.net2.1.weight",
      "decoder.decode_list.1.extraction.operation.0.net2.1.bias",
      "decoder.decode_list.2.fuse.net.0.bias",
      "decoder.decode_list.2.fuse.net.1.weight",
      "decoder.decode_list.2.fuse.net.1.bias",
      "decoder.decode_list.2.extraction.operation.0.net1.0.bias",
      "decoder.decode_list.2.extraction.operation.0.net1.1.weight",
      "decoder.decode_list.2.extraction.operation.0.net1.1.bias",
      "decoder.decode_list.2.extraction.operation.0.net2.0.bias",
      "decoder.decode_list.2.extraction.operation.0.net2.1.weight",
      "decoder.decode_list.2.extraction.operation.0.net2.1.bias",
      "decoder.decode_list.3.fuse.net.0.bias",
      "decoder.decode_list.3.fuse.net.1.weight",
      "decoder.decode_list.3.fuse.net.1.bias",
      "decoder.decode_list.3.extraction.operation.0.net1.0.bias",
      "decoder.decode_list.3.extraction.operation.0.net1.1.weight",
      "decoder.decode_list.3.extraction.operation.0.net1.1.bias",
      "decoder.decode_list.3.extraction.operation.0.net2.0.bias",
      "decoder.decode_list.3.extraction.operation.0.net2.1.weight",
      "decoder.decode_list.3.extraction.operation.0.net2.1.bias",
      "decoder.gmp_map_list.0.net.1.weight",
      "decoder.gmp_map_list.0.net.1.bias",
      "decoder.gmp_map_list.1.net.1.weight",
      "decoder.gmp_map_list.1.net.1.bias",
      "decoder.gmp_map_list.2.net.1.weight",
      "decoder.gmp_map_list.2.net.1.bias",
      "decoder.gmp_map_list.3.net.1.weight",
      "decoder.gmp_map_list.3.net.1.bias",
      "decoder.gmp_map_list.4.net.1.weight",
      "decoder.gmp_map_list.4.net.1.bias",
      "decoder.gmp_map_end.net.1.weight",
      "decoder.gmp_map_end.net.1.bias",
      "head.head.0.1.weight",
      "head.head.0.1.bias",
      "head.head.2.0.bias"
    ],
    "lr_scale": 1.0
  }
}
[08/27 02:03:46] S3DIS INFO: 
Totally 68 samples in val set
[08/27 02:03:46] S3DIS INFO: length of validation dataset: 68
[08/27 02:03:46] S3DIS INFO: number of classes of the dataset: 13
[08/27 02:03:46] S3DIS INFO: Training from scratch
[08/27 02:03:46] S3DIS INFO: 
Totally 204 samples in train set
[08/27 02:03:46] S3DIS INFO: length of training dataset: 6120
[08/27 02:15:33] S3DIS INFO: Find a better ckpt @E1, val_miou 3.72 val_macc 10.93, val_oa 18.96
mious: [ 1.99 31.65  2.88  0.    0.01  0.    0.02  1.96  0.25  0.01  0.32  0.84
  8.46]
[08/27 02:15:33] S3DIS INFO: Epoch 1 LR 0.000001 train_miou 5.73, val_miou 3.72, best val miou 3.72
[08/27 02:15:33] S3DIS INFO: Found the best model and saved in log/s3dis/s3dis-train-PCM-ngpus1-20260827-020346-9RxWmqLJCHwaZ79QDizFwu/checkpoint/s3dis-train-PCM-ngpus1-20260827-020346-9RxWmqLJCHwaZ79QDizFwu_ckpt_best.pth
[08/27 02:27:10] S3DIS INFO: Find a better ckpt @E2, val_miou 21.70 val_macc 32.81, val_oa 53.69
mious: [61.37 76.64 51.04  0.    0.    1.04 10.64 25.13 33.11  0.    4.11  0.
 18.99]
[08/27 02:27:10] S3DIS INFO: Epoch 2 LR 0.000021 train_miou 21.80, val_miou 21.70, best val miou 21.70
[08/27 02:27:10] S3DIS INFO: Found the best model and saved in log/s3dis/s3dis-train-PCM-ngpus1-20260827-020346-9RxWmqLJCHwaZ79QDizFwu/checkpoint/s3dis-train-PCM-ngpus1-20260827-020346-9RxWmqLJCHwaZ79QDizFwu_ckpt_best.pth
[08/27 02:27:10] S3DIS INFO: Best ckpt @E2,  val_oa 53.69, val_macc 32.81, val_miou 21.70, 
iou per cls is: [61.37 76.64 51.04  0.    0.    1.04 10.64 25.13 33.11  0.    4.11  0.
 18.99]
[08/27 02:27:10] S3DIS INFO: Successful Loading the ckpt from log/s3dis/s3dis-train-PCM-ngpus1-20260827-020346-9RxWmqLJCHwaZ79QDizFwu/checkpoint/s3dis-train-PCM-ngpus1-20260827-020346-9RxWmqLJCHwaZ79QDizFwu_ckpt_best.pth
[08/27 02:27:10] S3DIS INFO: ckpts @ 2 epoch( {'best_val': 21.69696807861328} )
[08/27 02:27:10] S3DIS INFO: Test [0]/[68] cloud
[08/27 02:27:42] S3DIS INFO: [0]/[68] cloud,  test_oa , test_macc, test_miou: 59.46 83.20 63.30, 
iou per cls is: [ 55.73  90.75  41.9  100.   100.   100.    10.52   0.     0.   100.
 100.   100.    24.01]
[08/27 02:27:42] S3DIS INFO: Test [1]/[68] cloud
[08/27 02:28:06] S3DIS INFO: [1]/[68] cloud,  test_oa , test_macc, test_miou: 55.39 82.69 62.49, 
iou per cls is: [ 55.58  88.81  31.7  100.   100.   100.     7.76   0.     0.   100.
 100.   100.    28.54]
[08/27 02:28:06] S3DIS INFO: Test [2]/[68] cloud
[08/27 02:28:52] S3DIS INFO: [2]/[68] cloud,  test_oa , test_macc, test_miou: 60.09 54.98 47.07, 
iou per cls is: [ 75.14  84.63  58.79 100.     0.     0.     4.73  16.79  67.24 100.
 100.     0.     4.6 ]
[08/27 02:28:52] S3DIS INFO: Test [3]/[68] cloud
[08/27 02:30:59] S3DIS INFO: [3]/[68] cloud,  test_oa , test_macc, test_miou: 69.59 50.00 43.05, 
iou per cls is: [ 99.61  84.34  67.9  100.     0.   100.     3.77  26.01  54.32   0.
   0.     0.    23.77]
[08/27 02:30:59] S3DIS INFO: Test [4]/[68] cloud
[08/27 02:32:07] S3DIS INFO: [4]/[68] cloud,  test_oa , test_macc, test_miou: 66.42 56.96 42.10, 
iou per cls is: [ 82.09  90.14  57.65   0.     0.     3.34   5.74  46.26  52.5  100.
 100.     0.     9.63]
[08/27 02:32:07] S3DIS INFO: Test [5]/[68] cloud
[08/27 02:35:02] S3DIS INFO: [5]/[68] cloud,  test_oa , test_macc, test_miou: 21.65 39.20 29.29, 
iou per cls is: [ 12.02  50.7   16.65 100.     0.     0.     1.41   0.   100.     0.
   0.   100.     0.  ]
[08/27 02:35:02] S3DIS INFO: Test [6]/[68] cloud
[08/27 02:35:53] S3DIS INFO: [6]/[68] cloud,  test_oa , test_macc, test_miou: 69.19 89.31 65.42, 
iou per cls is: [ 58.21  86.21  61.98 100.   100.   100.    14.25   0.     0.   100.
 100.   100.    29.8 ]
[08/27 02:35:53] S3DIS INFO: Test [7]/[68] cloud
[08/27 02:36:32] S3DIS INFO: [7]/[68] cloud,  test_oa , test_macc, test_miou: 82.90 93.17 74.99, 
iou per cls is: [ 78.28  92.41  80.11 100.   100.   100.    24.12   0.   100.   100.
 100.   100.     0.  ]
[08/27 02:36:32] S3DIS INFO: Test [8]/[68] cloud
[08/27 02:37:13] S3DIS INFO: [8]/[68] cloud,  test_oa , test_macc, test_miou: 80.83 83.94 73.87, 
iou per cls is: [ 75.43  93.77  77.96 100.   100.   100.    12.66   0.   100.   100.
 100.   100.     0.5 ]
[08/27 02:37:13] S3DIS INFO: Test [9]/[68] cloud
[08/27 02:38:06] S3DIS INFO: [9]/[68] cloud,  test_oa , test_macc, test_miou: 58.92 82.87 54.85, 
iou per cls is: [ 44.19  85.62  54.04 100.   100.     0.     6.42   0.     0.   100.
 100.   100.    22.84]
[08/27 02:38:06] S3DIS INFO: Test [10]/[68] cloud
[08/27 02:38:31] S3DIS INFO: [10]/[68] cloud,  test_oa , test_macc, test_miou: 77.02 91.37 70.10, 
iou per cls is: [ 78.25  93.14  70.1  100.   100.   100.    32.78   0.     0.   100.
 100.   100.    37.05]
[08/27 02:38:31] S3DIS INFO: Test [11]/[68] cloud
[08/27 02:39:34] S3DIS INFO: [11]/[68] cloud,  test_oa , test_macc, test_miou: 65.78 76.11 49.72, 
iou per cls is: [ 57.53  89.76  60.87 100.     0.     0.     6.81   0.     0.   100.
 100.   100.    31.43]
[08/27 02:39:34] S3DIS INFO: Test [12]/[68] cloud
[08/27 02:43:18] S3DIS INFO: [12]/[68] cloud,  test_oa , test_macc, test_miou: 30.58 81.78 54.15, 
iou per cls is: [ 14.75  46.92  12.96 100.   100.   100.    11.58   0.     0.   100.
 100.   100.    17.78]
[08/27 02:43:18] S3DIS INFO: Test [13]/[68] cloud
[08/27 02:44:03] S3DIS INFO: [13]/[68] cloud,  test_oa , test_macc, test_miou: 63.48 88.43 63.28, 
iou per cls is: [ 46.75  79.42  60.1  100.   100.   100.    11.18   0.     0.   100.
 100.   100.    25.23]
[08/27 02:44:03] S3DIS INFO: Test [14]/[68] cloud
[08/27 02:44:47] S3DIS INFO: [14]/[68] cloud,  test_oa , test_macc, test_miou: 52.13 67.29 45.41, 
iou per cls is: [ 49.88  85.91  44.51 100.   100.   100.     9.37   0.     0.     0.
   0.   100.     0.64]
[08/27 02:44:47] S3DIS INFO: Test [15]/[68] cloud
[08/27 02:47:02] S3DIS INFO: [15]/[68] cloud,  test_oa , test_macc, test_miou: 25.82 59.86 44.77, 
iou per cls is: [  4.81  48.54  19.08 100.   100.   100.     8.52   0.   100.     0.
   0.   100.     1.05]
[08/27 02:47:02] S3DIS INFO: Test [16]/[68] cloud
[08/27 02:47:42] S3DIS INFO: [16]/[68] cloud,  test_oa , test_macc, test_miou: 48.91 82.95 68.10, 
iou per cls is: [ 50.66  84.61  36.55 100.   100.   100.     4.82   0.   100.   100.
 100.   100.     8.6 ]
[08/27 02:47:42] S3DIS INFO: Test [17]/[68] cloud
[08/27 02:48:35] S3DIS INFO: [17]/[68] cloud,  test_oa , test_macc, test_miou: 67.84 88.47 65.17, 
iou per cls is: [ 50.11  85.7   58.78 100.   100.   100.    13.54   0.     0.   100.
 100.   100.    39.08]
[08/27 02:48:35] S3DIS INFO: Test [18]/[68] cloud
[08/27 02:48:55] S3DIS INFO: [18]/[68] cloud,  test_oa , test_macc, test_miou: 91.11 85.81 69.06, 
iou per cls is: [ 94.08  97.25  85.31 100.   100.   100.    20.57   0.     0.   100.
 100.   100.     0.61]
[08/27 02:48:55] S3DIS INFO: Test [19]/[68] cloud
[08/27 02:49:50] S3DIS INFO: [19]/[68] cloud,  test_oa , test_macc, test_miou: 70.68 74.98 57.13, 
iou per cls is: [ 57.62  87.38  68.86 100.     0.     0.     8.96   0.   100.   100.
 100.   100.    19.88]
[08/27 02:49:50] S3DIS INFO: Test [20]/[68] cloud
[08/27 02:50:52] S3DIS INFO: [20]/[68] cloud,  test_oa , test_macc, test_miou: 79.50 85.21 64.49, 
iou per cls is: [ 90.    90.41  25.24   0.   100.   100.     0.    42.15  66.16 100.
 100.   100.    24.38]
[08/27 02:50:52] S3DIS INFO: Test [21]/[68] cloud
[08/27 02:51:27] S3DIS INFO: [21]/[68] cloud,  test_oa , test_macc, test_miou: 40.58 43.30 34.39, 
iou per cls is: [ 67.25  84.84  25.45 100.     0.     0.2    3.42  16.91  41.98 100.
   0.     0.     7.05]
[08/27 02:51:27] S3DIS INFO: Test [22]/[68] cloud
[08/27 02:52:03] S3DIS INFO: [22]/[68] cloud,  test_oa , test_macc, test_miou: 53.03 51.34 39.63, 
iou per cls is: [ 93.1   80.99  51.43 100.     0.     0.    10.98  32.62  27.89 100.
   3.94   0.    14.29]
[08/27 02:52:03] S3DIS INFO: Test [23]/[68] cloud
[08/27 02:52:40] S3DIS INFO: [23]/[68] cloud,  test_oa , test_macc, test_miou: 46.73 53.75 39.22, 
iou per cls is: [ 88.51  90.14  47.24 100.     0.     0.01  14.34  10.73  48.22 100.
   3.86   0.     6.82]
[08/27 02:52:40] S3DIS INFO: Test [24]/[68] cloud
[08/27 02:53:11] S3DIS INFO: [24]/[68] cloud,  test_oa , test_macc, test_miou: 54.56 60.00 49.26, 
iou per cls is: [ 89.37  87.63  50.56 100.     0.     0.    21.79  41.53  27.33 100.
   3.09 100.    19.03]
[08/27 02:53:11] S3DIS INFO: Test [25]/[68] cloud
[08/27 02:54:04] S3DIS INFO: [25]/[68] cloud,  test_oa , test_macc, test_miou: 50.62 52.18 39.56, 
iou per cls is: [ 80.48  86.36  46.58 100.     0.     0.    15.06  33.13  37.91 100.
   0.     0.    14.73]
[08/27 02:54:04] S3DIS INFO: Test [26]/[68] cloud
[08/27 02:54:59] S3DIS INFO: [26]/[68] cloud,  test_oa , test_macc, test_miou: 56.73 50.88 40.57, 
iou per cls is: [ 92.09  84.91  45.2  100.     0.     0.    12.57  33.07  24.91 100.
   7.07   0.    27.59]
[08/27 02:54:59] S3DIS INFO: Test [27]/[68] cloud
[08/27 02:55:56] S3DIS INFO: [27]/[68] cloud,  test_oa , test_macc, test_miou: 59.08 52.40 38.80, 
iou per cls is: [ 93.47  82.03  47.91 100.     0.     0.     7.13  31.01  23.34 100.
   0.1    0.    19.43]
[08/27 02:55:56] S3DIS INFO: Test [28]/[68] cloud
[08/27 02:56:32] S3DIS INFO: [28]/[68] cloud,  test_oa , test_macc, test_miou: 78.13 62.81 53.53, 
iou per cls is: [ 87.54  84.14  82.82 100.     0.   100.    19.75  45.64  49.97 100.
   0.     0.    25.98]
[08/27 02:56:32] S3DIS INFO: Test [29]/[68] cloud
[08/27 02:57:22] S3DIS INFO: [29]/[68] cloud,  test_oa , test_macc, test_miou: 61.45 73.91 53.17, 
iou per cls is: [ 87.05  92.85  71.93   0.   100.   100.     9.7   12.24   0.   100.
   0.   100.    17.43]
[08/27 02:57:22] S3DIS INFO: Test [30]/[68] cloud
[08/27 02:58:09] S3DIS INFO: [30]/[68] cloud,  test_oa , test_macc, test_miou: 69.75 59.26 49.65, 
iou per cls is: [ 69.75  83.59  75.68 100.     0.   100.     6.17  34.46  58.1  100.
   0.04   0.    17.7 ]
[08/27 02:58:09] S3DIS INFO: Test [31]/[68] cloud
[08/27 02:59:23] S3DIS INFO: [31]/[68] cloud,  test_oa , test_macc, test_miou: 66.80 68.42 55.75, 
iou per cls is: [ 78.32  85.06  75.91 100.   100.   100.    11.5   33.11  25.24 100.
   0.     0.    15.66]
[08/27 02:59:23] S3DIS INFO: Test [32]/[68] cloud
[08/27 03:00:00] S3DIS INFO: [32]/[68] cloud,  test_oa , test_macc, test_miou: 42.10 49.97 37.39, 
iou per cls is: [ 67.35  75.36  44.2  100.     0.     6.85  23.1   16.44  44.   100.
   0.04   0.     8.79]
[08/27 03:00:00] S3DIS INFO: Test [33]/[68] cloud
[08/27 03:00:19] S3DIS INFO: [33]/[68] cloud,  test_oa , test_macc, test_miou: 70.02 68.21 57.48, 
iou per cls is: [ 90.6   74.47  78.74 100.     0.   100.     7.22  43.34  40.13 100.
   1.62 100.    11.12]
[08/27 03:00:19] S3DIS INFO: Test [34]/[68] cloud
[08/27 03:01:43] S3DIS INFO: [34]/[68] cloud,  test_oa , test_macc, test_miou: 74.94 63.43 51.04, 
iou per cls is: [ 91.55  86.24  75.39 100.     0.   100.     7.58  43.04  46.12 100.
   0.     0.    13.58]
[08/27 03:01:43] S3DIS INFO: Test [35]/[68] cloud
[08/27 03:02:16] S3DIS INFO: [35]/[68] cloud,  test_oa , test_macc, test_miou: 52.87 53.07 32.39, 
iou per cls is: [ 83.92  87.58  53.9    0.     0.     0.     8.01  33.13  38.25 100.
   3.77   0.    12.5 ]
[08/27 03:02:16] S3DIS INFO: Test [36]/[68] cloud
[08/27 03:02:55] S3DIS INFO: [36]/[68] cloud,  test_oa , test_macc, test_miou: 47.85 49.04 37.90, 
iou per cls is: [ 84.66  69.95  49.68 100.     0.     0.     8.65  25.06  43.32 100.
   1.     0.    10.4 ]
[08/27 03:02:55] S3DIS INFO: Test [37]/[68] cloud
[08/27 03:04:04] S3DIS INFO: [37]/[68] cloud,  test_oa , test_macc, test_miou: 47.74 39.60 21.17, 
iou per cls is: [74.32 81.81 20.32  0.    0.    2.86 16.43 31.82 27.23  0.    0.01  0.
 20.45]
[08/27 03:04:04] S3DIS INFO: Test [38]/[68] cloud
[08/27 03:04:28] S3DIS INFO: [38]/[68] cloud,  test_oa , test_macc, test_miou: 60.41 62.83 43.77, 
iou per cls is: [ 84.79  79.53  55.75   0.   100.    11.89  12.19  39.76  49.02 100.
  11.47   0.    24.56]
[08/27 03:04:28] S3DIS INFO: Test [39]/[68] cloud
[08/27 03:05:02] S3DIS INFO: [39]/[68] cloud,  test_oa , test_macc, test_miou: 50.45 46.79 38.47, 
iou per cls is: [ 49.53  86.7   46.48 100.     0.     0.08  21.41  36.56  36.2  100.
   0.56   0.    22.61]
[08/27 03:05:02] S3DIS INFO: Test [40]/[68] cloud
[08/27 03:05:34] S3DIS INFO: [40]/[68] cloud,  test_oa , test_macc, test_miou: 55.07 50.00 32.59, 
iou per cls is: [ 72.04  86.78  58.16   0.     0.     1.81   9.17  38.51  43.55 100.
   0.13   0.    13.49]
[08/27 03:05:34] S3DIS INFO: Test [41]/[68] cloud
[08/27 03:06:06] S3DIS INFO: [41]/[68] cloud,  test_oa , test_macc, test_miou: 49.20 50.24 31.23, 
iou per cls is: [ 43.68  85.57  55.09   0.     0.     0.28  23.12  33.92  50.88 100.
   0.     0.    13.4 ]
[08/27 03:06:06] S3DIS INFO: Test [42]/[68] cloud
[08/27 03:07:25] S3DIS INFO: [42]/[68] cloud,  test_oa , test_macc, test_miou: 54.42 49.48 31.18, 
iou per cls is: [ 67.51  86.68  39.73   0.     0.     1.26  20.64  40.27  23.97 100.
   0.     0.    25.27]
[08/27 03:07:25] S3DIS INFO: Test [43]/[68] cloud
[08/27 03:07:53] S3DIS INFO: [43]/[68] cloud,  test_oa , test_macc, test_miou: 46.48 56.03 45.91, 
iou per cls is: [ 62.41  82.27  50.68 100.   100.     1.47  14.07  15.47  55.42 100.
   0.     0.    15.  ]
[08/27 03:07:53] S3DIS INFO: Test [44]/[68] cloud
[08/27 03:08:09] S3DIS INFO: [44]/[68] cloud,  test_oa , test_macc, test_miou: 63.74 67.82 57.73, 
iou per cls is: [ 84.66  85.39  61.25 100.   100.   100.    14.1   38.    47.17 100.
   3.54   0.    16.32]
[08/27 03:08:09] S3DIS INFO: Test [45]/[68] cloud
[08/27 03:08:55] S3DIS INFO: [45]/[68] cloud,  test_oa , test_macc, test_miou: 41.27 54.56 42.11, 
iou per cls is: [ 55.42  81.14  34.96 100.     0.     1.12   4.92  25.    33.86 100.
   0.03 100.    10.96]
[08/27 03:08:55] S3DIS INFO: Test [46]/[68] cloud
[08/27 03:09:26] S3DIS INFO: [46]/[68] cloud,  test_oa , test_macc, test_miou: 48.65 56.30 37.59, 
iou per cls is: [ 54.82  94.2   46.27   0.     0.     0.01  19.56  33.13  21.73 100.
   0.04 100.    18.94]
[08/27 03:09:26] S3DIS INFO: Test [47]/[68] cloud
[08/27 03:10:10] S3DIS INFO: [47]/[68] cloud,  test_oa , test_macc, test_miou: 47.78 47.94 37.40, 
iou per cls is: [ 45.94  85.25  49.55 100.     0.     0.05   5.46  31.13  58.92 100.
   0.06   0.     9.85]
[08/27 03:10:10] S3DIS INFO: Test [48]/[68] cloud
[08/27 03:10:54] S3DIS INFO: [48]/[68] cloud,  test_oa , test_macc, test_miou: 40.45 44.77 34.94, 
iou per cls is: [ 61.49  86.65  32.6  100.     0.     0.     6.63  19.78  35.34 100.
   0.03   0.    11.72]
[08/27 03:10:54] S3DIS INFO: Test [49]/[68] cloud
[08/27 03:11:34] S3DIS INFO: [49]/[68] cloud,  test_oa , test_macc, test_miou: 49.66 65.90 53.78, 
iou per cls is: [ 75.49  74.98  47.22 100.   100.   100.    19.18  25.82  42.55 100.
   1.16   0.    12.73]
[08/27 03:11:34] S3DIS INFO: Test [50]/[68] cloud
[08/27 03:12:22] S3DIS INFO: [50]/[68] cloud,  test_oa , test_macc, test_miou: 75.43 69.73 52.16, 
iou per cls is: [ 94.7   89.17  75.03   0.   100.   100.    10.35  42.02  51.14 100.
   0.     0.    15.62]
[08/27 03:12:22] S3DIS INFO: Test [51]/[68] cloud
[08/27 03:14:13] S3DIS INFO: [51]/[68] cloud,  test_oa , test_macc, test_miou: 65.57 56.47 33.33, 
iou per cls is: [ 74.51  89.78  69.95   0.     0.     0.     7.66  24.82  29.58 100.
   4.26   0.    32.78]
[08/27 03:14:13] S3DIS INFO: Test [52]/[68] cloud
[08/27 03:16:20] S3DIS INFO: [52]/[68] cloud,  test_oa , test_macc, test_miou: 60.03 54.73 31.40, 
iou per cls is: [ 71.64  86.58  48.85   0.     0.     0.     6.    17.41  18.6    0.
  20.56 100.    38.55]
[08/27 03:16:20] S3DIS INFO: Test [53]/[68] cloud
[08/27 03:17:02] S3DIS INFO: [53]/[68] cloud,  test_oa , test_macc, test_miou: 53.47 50.69 40.18, 
iou per cls is: [ 21.44  77.65  68.85   0.   100.   100.    11.13  16.87   5.01 100.
   0.     0.    21.37]
[08/27 03:17:02] S3DIS INFO: Test [54]/[68] cloud
[08/27 03:17:34] S3DIS INFO: [54]/[68] cloud,  test_oa , test_macc, test_miou: 43.29 48.85 37.76, 
iou per cls is: [ 67.82  73.46  48.39 100.     0.     6.32  29.83  15.56  45.87 100.
   0.02   0.     3.57]
[08/27 03:17:34] S3DIS INFO: Test [55]/[68] cloud
[08/27 03:20:16] S3DIS INFO: [55]/[68] cloud,  test_oa , test_macc, test_miou: 55.76 57.63 31.45, 
iou per cls is: [ 97.13  92.03  50.7    0.     0.     0.     4.03  23.52  14.96 100.
   9.08   0.    17.37]
[08/27 03:20:16] S3DIS INFO: Test [56]/[68] cloud
[08/27 03:21:25] S3DIS INFO: [56]/[68] cloud,  test_oa , test_macc, test_miou: 54.35 49.25 29.32, 
iou per cls is: [ 68.27  80.52  46.26   0.     0.     0.27  12.62  33.6   22.21 100.
   0.     0.    17.45]
[08/27 03:21:25] S3DIS INFO: Test [57]/[68] cloud
[08/27 03:22:09] S3DIS INFO: [57]/[68] cloud,  test_oa , test_macc, test_miou: 51.77 57.65 46.04, 
iou per cls is: [ 87.39  83.6   60.45 100.     0.     0.     4.71  34.94  12.04 100.
   0.85 100.    14.48]
[08/27 03:22:09] S3DIS INFO: Test [58]/[68] cloud
[08/27 03:22:39] S3DIS INFO: [58]/[68] cloud,  test_oa , test_macc, test_miou: 52.19 63.63 54.11, 
iou per cls is: [ 69.78  74.95  63.72 100.   100.     1.55  19.24  15.61  55.77 100.
   0.   100.     2.8 ]
[08/27 03:22:39] S3DIS INFO: Test [59]/[68] cloud
[08/27 03:23:10] S3DIS INFO: [59]/[68] cloud,  test_oa , test_macc, test_miou: 48.39 58.42 39.50, 
iou per cls is: [ 89.32  80.49  37.61   0.   100.     0.01  14.33  39.17  39.2  100.
   2.34   0.    11.07]
[08/27 03:23:10] S3DIS INFO: Test [60]/[68] cloud
[08/27 03:23:53] S3DIS INFO: [60]/[68] cloud,  test_oa , test_macc, test_miou: 50.44 51.83 40.93, 
iou per cls is: [ 91.83  84.15  38.6  100.     0.     0.     9.88  41.77  42.67 100.
   8.31   0.    14.85]
[08/27 03:23:53] S3DIS INFO: Test [61]/[68] cloud
[08/27 03:24:39] S3DIS INFO: [61]/[68] cloud,  test_oa , test_macc, test_miou: 46.79 52.30 38.65, 
iou per cls is: [ 86.75  74.17  51.75 100.     0.     0.     7.44  22.68  46.98 100.
   8.38   0.     4.27]
[08/27 03:24:39] S3DIS INFO: Test [62]/[68] cloud
[08/27 03:25:14] S3DIS INFO: [62]/[68] cloud,  test_oa , test_macc, test_miou: 56.09 61.18 49.54, 
iou per cls is: [ 84.87  86.24  58.71 100.   100.     0.01  30.16  33.57  33.79   0.
   0.62 100.    16.06]
[08/27 03:25:14] S3DIS INFO: Test [63]/[68] cloud
[08/27 03:25:38] S3DIS INFO: [63]/[68] cloud,  test_oa , test_macc, test_miou: 77.20 93.87 67.58, 
iou per cls is: [ 86.11  80.92  63.42 100.   100.   100.     0.     0.     0.   100.
 100.   100.    48.04]
[08/27 03:25:38] S3DIS INFO: Test [64]/[68] cloud
[08/27 03:26:02] S3DIS INFO: [64]/[68] cloud,  test_oa , test_macc, test_miou: 36.18 59.22 36.29, 
iou per cls is: [ 27.8   87.49  41.59   0.     0.   100.     4.2    0.     0.   100.
   1.5  100.     9.22]
[08/27 03:26:02] S3DIS INFO: Test [65]/[68] cloud
[08/27 03:26:45] S3DIS INFO: [65]/[68] cloud,  test_oa , test_macc, test_miou: 35.70 72.65 49.74, 
iou per cls is: [  0.    86.39  18.64 100.   100.   100.    12.81   0.     0.   100.
   0.   100.    28.75]
[08/27 03:26:45] S3DIS INFO: Test [66]/[68] cloud
[08/27 03:26:50] S3DIS INFO: [66]/[68] cloud,  test_oa , test_macc, test_miou: 64.54 80.49 61.00, 
iou per cls is: [  0.    92.08  54.45 100.   100.   100.     0.97   0.   100.   100.
   0.   100.    45.56]
[08/27 03:26:50] S3DIS INFO: Test [67]/[68] cloud
[08/27 03:27:18] S3DIS INFO: [67]/[68] cloud,  test_oa , test_macc, test_miou: 76.38 76.24 71.30, 
iou per cls is: [ 75.24  93.66  76.76 100.   100.   100.    14.45   7.42  10.84 100.
 100.   100.    48.46]
[08/27 03:27:18] S3DIS INFO: Best ckpt @E2,  test_oa 54.80, test_macc 33.19, test_miou 22.24, 
iou per cls is: [62.91 78.65 51.25  0.    0.    0.91  9.89 28.26 35.69  0.    3.81  0.
 17.74]
[08/27 03:27:18] S3DIS INFO: save results in log/s3dis/s3dis-train-PCM-ngpus1-20260827-020346-9RxWmqLJCHwaZ79QDizFwu/s3dis-train-PCM-ngpus1-20260827-020346-9RxWmqLJCHwaZ79QDizFwu.csv
